../Core/Src/main.c:132:6:HAL_ADC_ConvCpltCallback	16	static
../Core/Src/main.c:135:6:HAL_UART_RxCpltCallback	16	static
../Core/Src/main.c:165:6:HAL_TIM_PeriodElapsedCallback	16	static
../Core/Src/main.c:185:6:trata_teclas	8	static
../Core/Src/main.c:287:6:trata_tela	16	static
../Core/Src/main.c:311:6:beep	8	static
../Core/Src/main.c:316:9:mediaADC	24	static
../Core/Src/main.c:329:6:transmite_UART	40	static
../Core/Src/main.c:341:6:initdisp	8	static
../Core/Src/main.c:349:6:init_VARS	4	static
../Core/Src/main.c:352:6:trata_rx	4	static
../Core/Src/main.c:365:5:main	8	static
../Core/Src/main.c:449:6:SystemClock_Config	88	static
../Core/Src/main.c:496:13:MX_ADC1_Init	56	static
../Core/Src/main.c:564:13:MX_I2C1_Init	8	static
../Core/Src/main.c:612:13:MX_I2C3_Init	8	static
../Core/Src/main.c:660:13:MX_TIM3_Init	40	static
../Core/Src/main.c:705:13:MX_USART3_UART_Init	8	static
../Core/Src/main.c:751:13:MX_DMA_Init	16	static
../Core/Src/main.c:770:13:MX_GPIO_Init	40	static
../Core/Src/main.c:842:6:Error_Handler	4	static,ignoring_inline_asm
